============================= test session starts =============================
platform win32 -- Python 3.11.9, pytest-9.0.2, pluggy-1.6.0 -- C:\Users\vamsh\OneDrive\Desktop\signup_app\.venv\Scripts\python.exe
cachedir: .pytest_cache
rootdir: C:\Users\vamsh\OneDrive\Desktop\signup_app
plugins: anyio-4.12.1, mock-3.15.1
